##fileformat=VCFv4.4
##FILTER=<ID=PASS,Description="All filters passed">
##contig=<ID=1,length=1000>
##reference=file://test
##FORMAT=<ID=GT,Number=1,Type=String,Description="Genotype">
##failue="test file on explicit and implicit phasing markers in 4.4"
#CHROM	POS	ID	REF	ALT	QUAL	FILTER	INFO	FORMAT	HG00096	HG00097
1	61462	rs56992750	T	A	100	PASS	.	GT	0|0|1	0/1
1	61480	rs56992751	T	A	100	PASS	.	GT	0	/0|1
1	61481	rs56992752	T	A	100	PASS	.	GT	/0	|0/1
1	61482	rs56992752	T	A	100	PASS	.	GT	/0	/1
1	61483	rs56992752	T	A	100	PASS	.	GT	0	1
1	61484	rs56992752	T	A	100	PASS	.	GT	0	/1
1	61485	rs56992752	T	A	100	PASS	.	GT	0	1
1	61486	rs56992752	T	A	100	PASS	.	GT	0	1
1	61487	rs56992752	T	A	100	PASS	.	GT	0	1
1	61488	rs56992752	T	A	100	PASS	.	GT	0	/1
1	61489	rs56992752	T	A	100	PASS	.	GT	/0	1
1	61490	rs56992752	T	A	100	PASS	.	GT	/0	1
1	61491	rs56992752	T	A	100	PASS	.	GT	/0	/1
1	61492	rs56992752	T	A	100	PASS	.	GT	/0|0	1/0
1	61493	rs56992752	T	A	100	PASS	.	GT	0|0	|1/0
1	61494	rs56992752	T	A	100	PASS	.	GT	/0|0	1/0
1	61495	rs56992752	T	A	100	PASS	.	GT	0|0	|1/0
1	61496	rs56992752	T	A	100	PASS	.	GT	.	.
1	61497	rs56992752	T	A	100	PASS	.	GT	.	|.
1	61498	rs56992752	T	A	100	PASS	.	GT	./1	.|1
1	61499	rs56992752	T	A	100	PASS	.	GT	./1	.|1
1	61500	rs56992752	T	A	100	PASS	.	GT	|./1	/.|1
1	61501	rs56992752	T	A	100	PASS	.	GT	1/.	1|.
1	61502	rs56992752	T	A	100	PASS	.	GT	1/.	/1|.
1	61503	rs56992752	T	A	100	PASS	.	GT	|1/.	1|.
1	61504	rs56992752	T	A	100	PASS	.	GT	./.	.|.
1	61505	rs56992752	T	A	100	PASS	.	GT	./.	.|.
1	61506	rs56992752	T	A	100	PASS	.	GT	|./.	/.|.
